strict digraph SelfReference {
  // Node definitions.
  1;
}