coder v0.0.0-devel

USAGE:
  coder auth status

  Show user authentication status.

———
Run `coder --help` for a list of global options.
