[
  {
    "id": "[workspace ID]",
    "created_at": "[timestamp]",
    "updated_at": "[timestamp]",
    "owner_id": "[first user ID]",
    "owner_name": "testuser",
    "organization_id": "[first org ID]",
    "template_id": "[template ID]",
    "template_name": "test-template",
    "template_display_name": "",
    "template_icon": "",
    "template_allow_user_cancel_workspace_jobs": false,
    "template_active_version_id": "[version ID]",
    "template_require_active_version": false,
    "latest_build": {
      "id": "[workspace build ID]",
      "created_at": "[timestamp]",
      "updated_at": "[timestamp]",
      "workspace_id": "[workspace ID]",
      "workspace_name": "test-workspace",
      "workspace_owner_id": "[first user ID]",
      "workspace_owner_name": "testuser",
      "template_version_id": "[version ID]",
      "template_version_name": "[version name]",
      "build_number": 1,
      "transition": "start",
      "initiator_id": "[first user ID]",
      "initiator_name": "testuser",
      "job": {
        "id": "[workspace build job ID]",
        "created_at": "[timestamp]",
        "started_at": "[timestamp]",
        "completed_at": "[timestamp]",
        "status": "succeeded",
        "worker_id": "[workspace build worker ID]",
        "file_id": "[workspace build file ID]",
        "tags": {
          "owner": "",
          "scope": "organization"
        },
        "queue_position": 0,
        "queue_size": 0
      },
      "reason": "initiator",
      "resources": [],
      "deadline": "[timestamp]",
      "max_deadline": null,
      "status": "running",
      "daily_cost": 0
    },
    "outdated": false,
    "name": "test-workspace",
    "autostart_schedule": "CRON_TZ=US/Central 30 9 * * 1-5",
    "ttl_ms": 28800000,
    "last_used_at": "[timestamp]",
    "deleting_at": null,
    "dormant_at": null,
    "health": {
      "healthy": true,
      "failing_agents": []
    },
    "automatic_updates": "never",
    "allow_renames": false,
    "favorite": false
  }
]
