Tokens are used to authenticate automated clients to Coder.

Usage:
  coder tokens [flags]

  coder tokens [command]

Aliases:
  tokens, token

Get Started:
  - Create a token for automation:                                              

      [;m$ coder tokens create[0m 

  - List your tokens:                                                           

      [;m$ coder tokens ls[0m 

  - Remove a token by ID:                                                       

      [;m$ coder tokens rm WuoWs4ZsMX[0m 

Commands:
  create      Create a token
  list        List tokens
  remove      Delete a token

Flags:
  -h, --help   help for tokens

Global Flags:
      --global-config coder   Path to the global coder config directory.
                              Consumes $CODER_CONFIG_DIR (default "~/.config/coderv2")
      --header stringArray    HTTP headers added to all requests. Provide as "Key=Value".
                              Consumes $CODER_HEADER
      --no-feature-warning    Suppress warnings about unlicensed features.
                              Consumes $CODER_NO_FEATURE_WARNING
      --no-version-warning    Suppress warning when client and server versions do not match.
                              Consumes $CODER_NO_VERSION_WARNING
      --token string          Specify an authentication token. For security reasons setting
                              CODER_SESSION_TOKEN is preferred.
                              Consumes $CODER_SESSION_TOKEN
      --url string            URL to a deployment.
                              Consumes $CODER_URL
  -v, --verbose               Enable verbose output.
                              Consumes $CODER_VERBOSE

Use "coder tokens [command] --help" for more information about a command.
