coder v0.0.0-devel

USAGE:
  coder secrets get [flags] <name>

  Get user secret

OPTIONS:
      --with-value bool
          Display value of the secret.

———
Run `coder --help` for a list of global options.
