coder v0.0.0-devel

USAGE:
  coder notifications test

  Send a test notification

———
Run `coder --help` for a list of global options.
