Hi Bobby,

New user account **bobby** has been created.

This new user account was created for **William Tables** by **rob**.