Hi Bobby,

The template **bobby-template** was deleted by **rob**.

The template's display name was **Bobby's Template**.