Hi Bobby,

Your account **bobby** has been activated by **rob**.