{
  "interval_reports": [
    {
      "start_time": "2023-08-01T00:00:00Z",
      "end_time": "2023-08-08T00:00:00Z",
      "template_ids": [
        "00000000-0000-0000-0000-000000000002"
      ],
      "interval": "week",
      "active_users": 1
    },
    {
      "start_time": "2023-08-08T00:00:00Z",
      "end_time": "2023-08-15T00:00:00Z",
      "template_ids": [],
      "interval": "week",
      "active_users": 0
    },
    {
      "start_time": "2023-08-15T00:00:00Z",
      "end_time": "2023-08-22T00:00:00Z",
      "template_ids": [
        "00000000-0000-0000-0000-000000000002"
      ],
      "interval": "week",
      "active_users": 1
    }
  ]
}
