coder v0.0.0-devel

USAGE:
  coder provisioner keys delete [flags] <name>

  Delete a provisioner key

  Aliases: rm

OPTIONS:
  -O, --org string, $CODER_ORGANIZATION
          Select which organization (uuid or name) to use.

  -y, --yes bool
          Bypass prompts.

———
Run `coder --help` for a list of global options.
