{
  "report": {
    "start_time": "2023-08-14T00:00:00Z",
    "end_time": "2023-08-21T00:00:00Z",
    "template_ids": [
      "00000000-0000-0000-0000-000000000001",
      "00000000-0000-0000-0000-000000000002",
      "00000000-0000-0000-0000-000000000003"
    ],
    "users": [
      {
        "template_ids": [
          "00000000-0000-0000-0000-000000000001"
        ],
        "user_id": "037c6a21-c805-46d8-a1ff-d98096afb44a",
        "username": "user2",
        "avatar_url": "",
        "seconds": 7200
      },
      {
        "template_ids": [
          "00000000-0000-0000-0000-000000000003"
        ],
        "user_id": "297dcbb4-2463-487a-92cd-7443d8d2a82d",
        "username": "user3",
        "avatar_url": "",
        "seconds": 4200
      },
      {
        "template_ids": [
          "00000000-0000-0000-0000-000000000001",
          "00000000-0000-0000-0000-000000000002"
        ],
        "user_id": "aba84ddd-48c3-4041-98db-f80913a424a3",
        "username": "user1",
        "avatar_url": "",
        "seconds": 29820
      }
    ]
  }
}
