{
  "report": {
    "start_time": "2023-08-12T00:00:00Z",
    "end_time": "2023-08-19T00:00:00Z",
    "template_ids": [
      "00000000-0000-0000-0000-000000000001",
      "00000000-0000-0000-0000-000000000002",
      "00000000-0000-0000-0000-000000000003"
    ],
    "users": [
      {
        "template_ids": [
          "00000000-0000-0000-0000-000000000001",
          "00000000-0000-0000-0000-000000000002"
        ],
        "user_id": "00000000-0000-0000-0000-000000000004",
        "username": "user1",
        "avatar_url": "",
        "seconds": 26100
      },
      {
        "template_ids": [
          "00000000-0000-0000-0000-000000000001"
        ],
        "user_id": "00000000-0000-0000-0000-000000000005",
        "username": "user2",
        "avatar_url": "",
        "seconds": 7200
      },
      {
        "template_ids": [
          "00000000-0000-0000-0000-000000000003"
        ],
        "user_id": "00000000-0000-0000-0000-000000000006",
        "username": "user3",
        "avatar_url": "",
        "seconds": 4200
      }
    ]
  }
}
