{
  "report": {
    "start_time": "2023-08-15T00:00:00Z",
    "end_time": "2023-08-22T00:00:00Z",
    "template_ids": [
      "00000000-0000-0000-0000-000000000001"
    ],
    "users": [
      {
        "template_ids": [
          "00000000-0000-0000-0000-000000000001"
        ],
        "user_id": "00000000-0000-0000-0000-000000000004",
        "username": "user1",
        "avatar_url": "",
        "seconds": 5340
      },
      {
        "template_ids": [
          "00000000-0000-0000-0000-000000000001"
        ],
        "user_id": "00000000-0000-0000-0000-000000000005",
        "username": "user2",
        "avatar_url": "",
        "seconds": 3600
      }
    ]
  }
}
